Archive member included to satisfy reference by file (symbol)

c:/program files (x86)/atmel/studio/7.0/toolchain/avr8/avr8-gnu-toolchain/bin/../lib/gcc/avr/4.9.2/avr5\libgcc.a(_udivmodsi4.o)
                              uart/uart.o (__udivmodsi4)
c:/program files (x86)/atmel/studio/7.0/toolchain/avr8/avr8-gnu-toolchain/bin/../lib/gcc/avr/4.9.2/avr5\libgcc.a(_exit.o)
                              C:/Program Files (x86)/Atmel/Studio/7.0/Packs/atmel/ATmega_DFP/1.0.106/gcc/dev/atmega328p/avr5/crtatmega328p.o (exit)
c:/program files (x86)/atmel/studio/7.0/toolchain/avr8/avr8-gnu-toolchain/bin/../lib/gcc/avr/4.9.2/avr5\libgcc.a(_copy_data.o)
                              adc/adc.o (__do_copy_data)
c:/program files (x86)/atmel/studio/7.0/toolchain/avr8/avr8-gnu-toolchain/bin/../lib/gcc/avr/4.9.2/avr5\libgcc.a(_clear_bss.o)
                              adc/adc.o (__do_clear_bss)
c:/program files (x86)/atmel/studio/7.0/toolchain/avr8/avr8-gnu-toolchain/bin/../lib/gcc/avr/4.9.2/../../../../avr/lib/avr5\libc.a(itoa_ncheck.o)
                              misc/format_converter.o (__itoa_ncheck)
c:/program files (x86)/atmel/studio/7.0/toolchain/avr8/avr8-gnu-toolchain/bin/../lib/gcc/avr/4.9.2/../../../../avr/lib/avr5\libc.a(utoa_ncheck.o)
                              c:/program files (x86)/atmel/studio/7.0/toolchain/avr8/avr8-gnu-toolchain/bin/../lib/gcc/avr/4.9.2/../../../../avr/lib/avr5\libc.a(itoa_ncheck.o) (__utoa_common)
c:/program files (x86)/atmel/studio/7.0/toolchain/avr8/avr8-gnu-toolchain/bin/../lib/gcc/avr/4.9.2/../../../../avr/lib/avr5\libc.a(strrev.o)
                              c:/program files (x86)/atmel/studio/7.0/toolchain/avr8/avr8-gnu-toolchain/bin/../lib/gcc/avr/4.9.2/../../../../avr/lib/avr5\libc.a(utoa_ncheck.o) (strrev)

Discarded input sections

 .data          0x00000000        0x0 C:/Program Files (x86)/Atmel/Studio/7.0/Packs/atmel/ATmega_DFP/1.0.106/gcc/dev/atmega328p/avr5/crtatmega328p.o
 .bss           0x00000000        0x0 C:/Program Files (x86)/Atmel/Studio/7.0/Packs/atmel/ATmega_DFP/1.0.106/gcc/dev/atmega328p/avr5/crtatmega328p.o
 .text          0x00000000        0x0 adc/adc.o
 .data          0x00000000        0x0 adc/adc.o
 .bss           0x00000000        0x0 adc/adc.o
 .text._Z7InitADCPj
                0x00000000       0x28 adc/adc.o
 .text          0x00000000        0x0 buffer/buffer_lib.o
 .data          0x00000000        0x0 buffer/buffer_lib.o
 .bss           0x00000000        0x0 buffer/buffer_lib.o
 .text._Z10BufferInitP5u8buf
                0x00000000        0x6 buffer/buffer_lib.o
 .text          0x00000000        0x0 button/button.o
 .data          0x00000000        0x0 button/button.o
 .bss           0x00000000        0x0 button/button.o
 .text          0x00000000        0x0 main.o
 .data          0x00000000        0x0 main.o
 .bss           0x00000000        0x0 main.o
 .text          0x00000000        0x0 misc/format_converter.o
 .data          0x00000000        0x0 misc/format_converter.o
 .bss           0x00000000        0x0 misc/format_converter.o
 .text._Z11int2str4digiPch
                0x00000000       0x6a misc/format_converter.o
 .debug_info    0x00000000      0x19d misc/format_converter.o
 .debug_abbrev  0x00000000      0x107 misc/format_converter.o
 .debug_loc     0x00000000      0x15a misc/format_converter.o
 .debug_aranges
                0x00000000       0x20 misc/format_converter.o
 .debug_ranges  0x00000000       0x10 misc/format_converter.o
 .debug_line    0x00000000      0x136 misc/format_converter.o
 .debug_str     0x00000000      0x275 misc/format_converter.o
 .comment       0x00000000       0x31 misc/format_converter.o
 .debug_frame   0x00000000       0x40 misc/format_converter.o
 .text          0x00000000        0x0 parallel_port/parallel_port.o
 .data          0x00000000        0x0 parallel_port/parallel_port.o
 .bss           0x00000000        0x0 parallel_port/parallel_port.o
 .text          0x00000000        0x0 timer0/timer0.o
 .data          0x00000000        0x0 timer0/timer0.o
 .bss           0x00000000        0x0 timer0/timer0.o
 .text._Z10InitTimer0v
                0x00000000        0xe timer0/timer0.o
 .text._Z11StartTimer0v
                0x00000000        0x8 timer0/timer0.o
 .text          0x00000000        0x0 timer1/timer1.o
 .data          0x00000000        0x0 timer1/timer1.o
 .bss           0x00000000        0x0 timer1/timer1.o
 .text._Z15fastPWMStart_T1v
                0x00000000       0x22 timer1/timer1.o
 .debug_info    0x00000000       0x7b timer1/timer1.o
 .debug_abbrev  0x00000000       0x45 timer1/timer1.o
 .debug_aranges
                0x00000000       0x20 timer1/timer1.o
 .debug_ranges  0x00000000       0x10 timer1/timer1.o
 .debug_line    0x00000000       0x60 timer1/timer1.o
 .debug_str     0x00000000      0x21c timer1/timer1.o
 .comment       0x00000000       0x31 timer1/timer1.o
 .debug_frame   0x00000000       0x24 timer1/timer1.o
 .text          0x00000000        0x0 timer2/timer2.o
 .data          0x00000000        0x0 timer2/timer2.o
 .bss           0x00000000        0x0 timer2/timer2.o
 .text._Z10timer2Initv
                0x00000000       0x12 timer2/timer2.o
 .text._Z19timer2SetIntOnMatchv
                0x00000000        0xa timer2/timer2.o
 .text          0x00000000        0x0 uart/uart.o
 .data          0x00000000        0x0 uart/uart.o
 .bss           0x00000000        0x0 uart/uart.o
 .text._Z23USART_TransmitInterruptP5u8buf
                0x00000000       0x28 uart/uart.o
 .text          0x00000000        0x0 c:/program files (x86)/atmel/studio/7.0/toolchain/avr8/avr8-gnu-toolchain/bin/../lib/gcc/avr/4.9.2/avr5\libgcc.a(_udivmodsi4.o)
 .data          0x00000000        0x0 c:/program files (x86)/atmel/studio/7.0/toolchain/avr8/avr8-gnu-toolchain/bin/../lib/gcc/avr/4.9.2/avr5\libgcc.a(_udivmodsi4.o)
 .bss           0x00000000        0x0 c:/program files (x86)/atmel/studio/7.0/toolchain/avr8/avr8-gnu-toolchain/bin/../lib/gcc/avr/4.9.2/avr5\libgcc.a(_udivmodsi4.o)
 .text.libgcc.mul
                0x00000000        0x0 c:/program files (x86)/atmel/studio/7.0/toolchain/avr8/avr8-gnu-toolchain/bin/../lib/gcc/avr/4.9.2/avr5\libgcc.a(_udivmodsi4.o)
 .text.libgcc   0x00000000        0x0 c:/program files (x86)/atmel/studio/7.0/toolchain/avr8/avr8-gnu-toolchain/bin/../lib/gcc/avr/4.9.2/avr5\libgcc.a(_udivmodsi4.o)
 .text.libgcc.prologue
                0x00000000        0x0 c:/program files (x86)/atmel/studio/7.0/toolchain/avr8/avr8-gnu-toolchain/bin/../lib/gcc/avr/4.9.2/avr5\libgcc.a(_udivmodsi4.o)
 .text.libgcc.builtins
                0x00000000        0x0 c:/program files (x86)/atmel/studio/7.0/toolchain/avr8/avr8-gnu-toolchain/bin/../lib/gcc/avr/4.9.2/avr5\libgcc.a(_udivmodsi4.o)
 .text.libgcc.fmul
                0x00000000        0x0 c:/program files (x86)/atmel/studio/7.0/toolchain/avr8/avr8-gnu-toolchain/bin/../lib/gcc/avr/4.9.2/avr5\libgcc.a(_udivmodsi4.o)
 .text.libgcc.fixed
                0x00000000        0x0 c:/program files (x86)/atmel/studio/7.0/toolchain/avr8/avr8-gnu-toolchain/bin/../lib/gcc/avr/4.9.2/avr5\libgcc.a(_udivmodsi4.o)
 .text          0x00000000        0x0 c:/program files (x86)/atmel/studio/7.0/toolchain/avr8/avr8-gnu-toolchain/bin/../lib/gcc/avr/4.9.2/avr5\libgcc.a(_exit.o)
 .data          0x00000000        0x0 c:/program files (x86)/atmel/studio/7.0/toolchain/avr8/avr8-gnu-toolchain/bin/../lib/gcc/avr/4.9.2/avr5\libgcc.a(_exit.o)
 .bss           0x00000000        0x0 c:/program files (x86)/atmel/studio/7.0/toolchain/avr8/avr8-gnu-toolchain/bin/../lib/gcc/avr/4.9.2/avr5\libgcc.a(_exit.o)
 .text.libgcc.mul
                0x00000000        0x0 c:/program files (x86)/atmel/studio/7.0/toolchain/avr8/avr8-gnu-toolchain/bin/../lib/gcc/avr/4.9.2/avr5\libgcc.a(_exit.o)
 .text.libgcc.div
                0x00000000        0x0 c:/program files (x86)/atmel/studio/7.0/toolchain/avr8/avr8-gnu-toolchain/bin/../lib/gcc/avr/4.9.2/avr5\libgcc.a(_exit.o)
 .text.libgcc   0x00000000        0x0 c:/program files (x86)/atmel/studio/7.0/toolchain/avr8/avr8-gnu-toolchain/bin/../lib/gcc/avr/4.9.2/avr5\libgcc.a(_exit.o)
 .text.libgcc.prologue
                0x00000000        0x0 c:/program files (x86)/atmel/studio/7.0/toolchain/avr8/avr8-gnu-toolchain/bin/../lib/gcc/avr/4.9.2/avr5\libgcc.a(_exit.o)
 .text.libgcc.builtins
                0x00000000        0x0 c:/program files (x86)/atmel/studio/7.0/toolchain/avr8/avr8-gnu-toolchain/bin/../lib/gcc/avr/4.9.2/avr5\libgcc.a(_exit.o)
 .text.libgcc.fmul
                0x00000000        0x0 c:/program files (x86)/atmel/studio/7.0/toolchain/avr8/avr8-gnu-toolchain/bin/../lib/gcc/avr/4.9.2/avr5\libgcc.a(_exit.o)
 .text.libgcc.fixed
                0x00000000        0x0 c:/program files (x86)/atmel/studio/7.0/toolchain/avr8/avr8-gnu-toolchain/bin/../lib/gcc/avr/4.9.2/avr5\libgcc.a(_exit.o)
 .text          0x00000000        0x0 c:/program files (x86)/atmel/studio/7.0/toolchain/avr8/avr8-gnu-toolchain/bin/../lib/gcc/avr/4.9.2/avr5\libgcc.a(_copy_data.o)
 .data          0x00000000        0x0 c:/program files (x86)/atmel/studio/7.0/toolchain/avr8/avr8-gnu-toolchain/bin/../lib/gcc/avr/4.9.2/avr5\libgcc.a(_copy_data.o)
 .bss           0x00000000        0x0 c:/program files (x86)/atmel/studio/7.0/toolchain/avr8/avr8-gnu-toolchain/bin/../lib/gcc/avr/4.9.2/avr5\libgcc.a(_copy_data.o)
 .text.libgcc.mul
                0x00000000        0x0 c:/program files (x86)/atmel/studio/7.0/toolchain/avr8/avr8-gnu-toolchain/bin/../lib/gcc/avr/4.9.2/avr5\libgcc.a(_copy_data.o)
 .text.libgcc.div
                0x00000000        0x0 c:/program files (x86)/atmel/studio/7.0/toolchain/avr8/avr8-gnu-toolchain/bin/../lib/gcc/avr/4.9.2/avr5\libgcc.a(_copy_data.o)
 .text.libgcc   0x00000000        0x0 c:/program files (x86)/atmel/studio/7.0/toolchain/avr8/avr8-gnu-toolchain/bin/../lib/gcc/avr/4.9.2/avr5\libgcc.a(_copy_data.o)
 .text.libgcc.prologue
                0x00000000        0x0 c:/program files (x86)/atmel/studio/7.0/toolchain/avr8/avr8-gnu-toolchain/bin/../lib/gcc/avr/4.9.2/avr5\libgcc.a(_copy_data.o)
 .text.libgcc.builtins
                0x00000000        0x0 c:/program files (x86)/atmel/studio/7.0/toolchain/avr8/avr8-gnu-toolchain/bin/../lib/gcc/avr/4.9.2/avr5\libgcc.a(_copy_data.o)
 .text.libgcc.fmul
                0x00000000        0x0 c:/program files (x86)/atmel/studio/7.0/toolchain/avr8/avr8-gnu-toolchain/bin/../lib/gcc/avr/4.9.2/avr5\libgcc.a(_copy_data.o)
 .text.libgcc.fixed
                0x00000000        0x0 c:/program files (x86)/atmel/studio/7.0/toolchain/avr8/avr8-gnu-toolchain/bin/../lib/gcc/avr/4.9.2/avr5\libgcc.a(_copy_data.o)
 .text          0x00000000        0x0 c:/program files (x86)/atmel/studio/7.0/toolchain/avr8/avr8-gnu-toolchain/bin/../lib/gcc/avr/4.9.2/avr5\libgcc.a(_clear_bss.o)
 .data          0x00000000        0x0 c:/program files (x86)/atmel/studio/7.0/toolchain/avr8/avr8-gnu-toolchain/bin/../lib/gcc/avr/4.9.2/avr5\libgcc.a(_clear_bss.o)
 .bss           0x00000000        0x0 c:/program files (x86)/atmel/studio/7.0/toolchain/avr8/avr8-gnu-toolchain/bin/../lib/gcc/avr/4.9.2/avr5\libgcc.a(_clear_bss.o)
 .text.libgcc.mul
                0x00000000        0x0 c:/program files (x86)/atmel/studio/7.0/toolchain/avr8/avr8-gnu-toolchain/bin/../lib/gcc/avr/4.9.2/avr5\libgcc.a(_clear_bss.o)
 .text.libgcc.div
                0x00000000        0x0 c:/program files (x86)/atmel/studio/7.0/toolchain/avr8/avr8-gnu-toolchain/bin/../lib/gcc/avr/4.9.2/avr5\libgcc.a(_clear_bss.o)
 .text.libgcc   0x00000000        0x0 c:/program files (x86)/atmel/studio/7.0/toolchain/avr8/avr8-gnu-toolchain/bin/../lib/gcc/avr/4.9.2/avr5\libgcc.a(_clear_bss.o)
 .text.libgcc.prologue
                0x00000000        0x0 c:/program files (x86)/atmel/studio/7.0/toolchain/avr8/avr8-gnu-toolchain/bin/../lib/gcc/avr/4.9.2/avr5\libgcc.a(_clear_bss.o)
 .text.libgcc.builtins
                0x00000000        0x0 c:/program files (x86)/atmel/studio/7.0/toolchain/avr8/avr8-gnu-toolchain/bin/../lib/gcc/avr/4.9.2/avr5\libgcc.a(_clear_bss.o)
 .text.libgcc.fmul
                0x00000000        0x0 c:/program files (x86)/atmel/studio/7.0/toolchain/avr8/avr8-gnu-toolchain/bin/../lib/gcc/avr/4.9.2/avr5\libgcc.a(_clear_bss.o)
 .text.libgcc.fixed
                0x00000000        0x0 c:/program files (x86)/atmel/studio/7.0/toolchain/avr8/avr8-gnu-toolchain/bin/../lib/gcc/avr/4.9.2/avr5\libgcc.a(_clear_bss.o)
 .text          0x00000000        0x0 c:/program files (x86)/atmel/studio/7.0/toolchain/avr8/avr8-gnu-toolchain/bin/../lib/gcc/avr/4.9.2/../../../../avr/lib/avr5\libc.a(itoa_ncheck.o)
 .data          0x00000000        0x0 c:/program files (x86)/atmel/studio/7.0/toolchain/avr8/avr8-gnu-toolchain/bin/../lib/gcc/avr/4.9.2/../../../../avr/lib/avr5\libc.a(itoa_ncheck.o)
 .bss           0x00000000        0x0 c:/program files (x86)/atmel/studio/7.0/toolchain/avr8/avr8-gnu-toolchain/bin/../lib/gcc/avr/4.9.2/../../../../avr/lib/avr5\libc.a(itoa_ncheck.o)
 .text.avr-libc
                0x00000000       0x16 c:/program files (x86)/atmel/studio/7.0/toolchain/avr8/avr8-gnu-toolchain/bin/../lib/gcc/avr/4.9.2/../../../../avr/lib/avr5\libc.a(itoa_ncheck.o)
 .text          0x00000000        0x0 c:/program files (x86)/atmel/studio/7.0/toolchain/avr8/avr8-gnu-toolchain/bin/../lib/gcc/avr/4.9.2/../../../../avr/lib/avr5\libc.a(utoa_ncheck.o)
 .data          0x00000000        0x0 c:/program files (x86)/atmel/studio/7.0/toolchain/avr8/avr8-gnu-toolchain/bin/../lib/gcc/avr/4.9.2/../../../../avr/lib/avr5\libc.a(utoa_ncheck.o)
 .bss           0x00000000        0x0 c:/program files (x86)/atmel/studio/7.0/toolchain/avr8/avr8-gnu-toolchain/bin/../lib/gcc/avr/4.9.2/../../../../avr/lib/avr5\libc.a(utoa_ncheck.o)
 .text.avr-libc
                0x00000000       0x34 c:/program files (x86)/atmel/studio/7.0/toolchain/avr8/avr8-gnu-toolchain/bin/../lib/gcc/avr/4.9.2/../../../../avr/lib/avr5\libc.a(utoa_ncheck.o)
 .text          0x00000000        0x0 c:/program files (x86)/atmel/studio/7.0/toolchain/avr8/avr8-gnu-toolchain/bin/../lib/gcc/avr/4.9.2/../../../../avr/lib/avr5\libc.a(strrev.o)
 .data          0x00000000        0x0 c:/program files (x86)/atmel/studio/7.0/toolchain/avr8/avr8-gnu-toolchain/bin/../lib/gcc/avr/4.9.2/../../../../avr/lib/avr5\libc.a(strrev.o)
 .bss           0x00000000        0x0 c:/program files (x86)/atmel/studio/7.0/toolchain/avr8/avr8-gnu-toolchain/bin/../lib/gcc/avr/4.9.2/../../../../avr/lib/avr5\libc.a(strrev.o)
 .text.avr-libc
                0x00000000       0x20 c:/program files (x86)/atmel/studio/7.0/toolchain/avr8/avr8-gnu-toolchain/bin/../lib/gcc/avr/4.9.2/../../../../avr/lib/avr5\libc.a(strrev.o)

Memory Configuration

Name             Origin             Length             Attributes
text             0x00000000         0x00020000         xr
data             0x00800060         0x0000ffa0         rw !x
eeprom           0x00810000         0x00010000         rw !x
fuse             0x00820000         0x00000400         rw !x
lock             0x00830000         0x00000400         rw !x
signature        0x00840000         0x00000400         rw !x
user_signatures  0x00850000         0x00000400         rw !x
*default*        0x00000000         0xffffffff

Linker script and memory map

Address of section .data set to 0x800100
LOAD C:/Program Files (x86)/Atmel/Studio/7.0/Packs/atmel/ATmega_DFP/1.0.106/gcc/dev/atmega328p/avr5/crtatmega328p.o
LOAD adc/adc.o
LOAD buffer/buffer_lib.o
LOAD button/button.o
LOAD main.o
LOAD misc/format_converter.o
LOAD parallel_port/parallel_port.o
LOAD timer0/timer0.o
LOAD timer1/timer1.o
LOAD timer2/timer2.o
LOAD uart/uart.o
START GROUP
LOAD c:/program files (x86)/atmel/studio/7.0/toolchain/avr8/avr8-gnu-toolchain/bin/../lib/gcc/avr/4.9.2/../../../../avr/lib/avr5\libm.a
END GROUP
LOAD c:/program files (x86)/atmel/studio/7.0/toolchain/avr8/avr8-gnu-toolchain/bin/../lib/gcc/avr/4.9.2/avr5\libgcc.a
LOAD c:/program files (x86)/atmel/studio/7.0/toolchain/avr8/avr8-gnu-toolchain/bin/../lib/gcc/avr/4.9.2/../../../../avr/lib/avr5\libm.a
START GROUP
LOAD c:/program files (x86)/atmel/studio/7.0/toolchain/avr8/avr8-gnu-toolchain/bin/../lib/gcc/avr/4.9.2/avr5\libgcc.a
LOAD c:/program files (x86)/atmel/studio/7.0/toolchain/avr8/avr8-gnu-toolchain/bin/../lib/gcc/avr/4.9.2/../../../../avr/lib/avr5\libm.a
LOAD c:/program files (x86)/atmel/studio/7.0/toolchain/avr8/avr8-gnu-toolchain/bin/../lib/gcc/avr/4.9.2/../../../../avr/lib/avr5\libc.a
LOAD C:/Program Files (x86)/Atmel/Studio/7.0/Packs/atmel/ATmega_DFP/1.0.106/gcc/dev/atmega328p/avr5\libatmega328p.a
END GROUP
                0x00020000                __TEXT_REGION_LENGTH__ = DEFINED (__TEXT_REGION_LENGTH__)?__TEXT_REGION_LENGTH__:0x20000
                0x0000ffa0                __DATA_REGION_LENGTH__ = DEFINED (__DATA_REGION_LENGTH__)?__DATA_REGION_LENGTH__:0xffa0
                0x00010000                __EEPROM_REGION_LENGTH__ = DEFINED (__EEPROM_REGION_LENGTH__)?__EEPROM_REGION_LENGTH__:0x10000
                0x00000400                __FUSE_REGION_LENGTH__ = DEFINED (__FUSE_REGION_LENGTH__)?__FUSE_REGION_LENGTH__:0x400
                0x00000400                __LOCK_REGION_LENGTH__ = DEFINED (__LOCK_REGION_LENGTH__)?__LOCK_REGION_LENGTH__:0x400
                0x00000400                __SIGNATURE_REGION_LENGTH__ = DEFINED (__SIGNATURE_REGION_LENGTH__)?__SIGNATURE_REGION_LENGTH__:0x400
                0x00000400                __USER_SIGNATURE_REGION_LENGTH__ = DEFINED (__USER_SIGNATURE_REGION_LENGTH__)?__USER_SIGNATURE_REGION_LENGTH__:0x400

.hash
 *(.hash)

.dynsym
 *(.dynsym)

.dynstr
 *(.dynstr)

.gnu.version
 *(.gnu.version)

.gnu.version_d
 *(.gnu.version_d)

.gnu.version_r
 *(.gnu.version_r)

.rel.init
 *(.rel.init)

.rela.init
 *(.rela.init)

.rel.text
 *(.rel.text)
 *(.rel.text.*)
 *(.rel.gnu.linkonce.t*)

.rela.text
 *(.rela.text)
 *(.rela.text.*)
 *(.rela.gnu.linkonce.t*)

.rel.fini
 *(.rel.fini)

.rela.fini
 *(.rela.fini)

.rel.rodata
 *(.rel.rodata)
 *(.rel.rodata.*)
 *(.rel.gnu.linkonce.r*)

.rela.rodata
 *(.rela.rodata)
 *(.rela.rodata.*)
 *(.rela.gnu.linkonce.r*)

.rel.data
 *(.rel.data)
 *(.rel.data.*)
 *(.rel.gnu.linkonce.d*)

.rela.data
 *(.rela.data)
 *(.rela.data.*)
 *(.rela.gnu.linkonce.d*)

.rel.ctors
 *(.rel.ctors)

.rela.ctors
 *(.rela.ctors)

.rel.dtors
 *(.rel.dtors)

.rela.dtors
 *(.rela.dtors)

.rel.got
 *(.rel.got)

.rela.got
 *(.rela.got)

.rel.bss
 *(.rel.bss)

.rela.bss
 *(.rela.bss)

.rel.plt
 *(.rel.plt)

.rela.plt
 *(.rela.plt)

.text           0x00000000      0x800
 *(.vectors)
 .vectors       0x00000000       0x68 C:/Program Files (x86)/Atmel/Studio/7.0/Packs/atmel/ATmega_DFP/1.0.106/gcc/dev/atmega328p/avr5/crtatmega328p.o
                0x00000000                __vector_default
                0x00000000                __vectors
 *(.vectors)
 *(.progmem.gcc*)
                0x00000068                . = ALIGN (0x2)
                0x00000068                __trampolines_start = .
 *(.trampolines)
 .trampolines   0x00000068        0x0 linker stubs
 *(.trampolines*)
                0x00000068                __trampolines_end = .
 *(.progmem*)
                0x00000068                . = ALIGN (0x2)
 *(.jumptables)
 *(.jumptables*)
 *(.lowtext)
 *(.lowtext*)
                0x00000068                __ctors_start = .
 *(.ctors)
                0x00000068                __ctors_end = .
                0x00000068                __dtors_start = .
 *(.dtors)
                0x00000068                __dtors_end = .
 SORT(*)(.ctors)
 SORT(*)(.dtors)
 *(.init0)
 .init0         0x00000068        0x0 C:/Program Files (x86)/Atmel/Studio/7.0/Packs/atmel/ATmega_DFP/1.0.106/gcc/dev/atmega328p/avr5/crtatmega328p.o
                0x00000068                __init
 *(.init0)
 *(.init1)
 *(.init1)
 *(.init2)
 .init2         0x00000068        0xc C:/Program Files (x86)/Atmel/Studio/7.0/Packs/atmel/ATmega_DFP/1.0.106/gcc/dev/atmega328p/avr5/crtatmega328p.o
 *(.init2)
 *(.init3)
 *(.init3)
 *(.init4)
 .init4         0x00000074       0x16 c:/program files (x86)/atmel/studio/7.0/toolchain/avr8/avr8-gnu-toolchain/bin/../lib/gcc/avr/4.9.2/avr5\libgcc.a(_copy_data.o)
                0x00000074                __do_copy_data
 .init4         0x0000008a       0x10 c:/program files (x86)/atmel/studio/7.0/toolchain/avr8/avr8-gnu-toolchain/bin/../lib/gcc/avr/4.9.2/avr5\libgcc.a(_clear_bss.o)
                0x0000008a                __do_clear_bss
 *(.init4)
 *(.init5)
 *(.init5)
 *(.init6)
 *(.init6)
 *(.init7)
 *(.init7)
 *(.init8)
 *(.init8)
 *(.init9)
 .init9         0x0000009a        0x8 C:/Program Files (x86)/Atmel/Studio/7.0/Packs/atmel/ATmega_DFP/1.0.106/gcc/dev/atmega328p/avr5/crtatmega328p.o
 *(.init9)
 *(.text)
 .text          0x000000a2        0x4 C:/Program Files (x86)/Atmel/Studio/7.0/Packs/atmel/ATmega_DFP/1.0.106/gcc/dev/atmega328p/avr5/crtatmega328p.o
                0x000000a2                __vector_22
                0x000000a2                __vector_24
                0x000000a2                __bad_interrupt
                0x000000a2                __vector_6
                0x000000a2                __vector_23
                0x000000a2                __vector_25
                0x000000a2                __vector_11
                0x000000a2                __vector_13
                0x000000a2                __vector_17
                0x000000a2                __vector_5
                0x000000a2                __vector_4
                0x000000a2                __vector_9
                0x000000a2                __vector_15
                0x000000a2                __vector_8
                0x000000a2                __vector_10
                0x000000a2                __vector_16
                0x000000a2                __vector_18
                0x000000a2                __vector_20
                0x000000a6                . = ALIGN (0x2)
 *(.text.*)
 .text._Z20InitADCSingleReadingPj
                0x000000a6       0x20 adc/adc.o
                0x000000a6                _Z20InitADCSingleReadingPj
 .text._Z13SetADCChannelh
                0x000000c6       0x10 adc/adc.o
                0x000000c6                _Z13SetADCChannelh
 .text._Z8StartADCv
                0x000000d6        0xc adc/adc.o
                0x000000d6                _Z8StartADCv
 .text._Z10DisableADCv
                0x000000e2        0xc adc/adc.o
                0x000000e2                _Z10DisableADCv
 .text.__vector_21
                0x000000ee       0xb4 adc/adc.o
                0x000000ee                __vector_21
 .text._Z11BufferWriteP5u8bufh
                0x000001a2       0x20 buffer/buffer_lib.o
                0x000001a2                _Z11BufferWriteP5u8bufh
 .text._Z19BufferMultipleWriteP5u8bufPca
                0x000001c2       0x46 buffer/buffer_lib.o
                0x000001c2                _Z19BufferMultipleWriteP5u8bufPca
 .text._Z10BufferReadP5u8bufPVh
                0x00000208       0x22 buffer/buffer_lib.o
                0x00000208                _Z10BufferReadP5u8bufPVh
 .text._Z11buttonsInitv
                0x0000022a       0x4a button/button.o
                0x0000022a                _Z11buttonsInitv
 .text.__vector_3
                0x00000274       0x68 button/button.o
                0x00000274                __vector_3
 .text.__vector_2
                0x000002dc       0x92 button/button.o
                0x000002dc                __vector_2
 .text.__vector_1
                0x0000036e       0xc0 button/button.o
                0x0000036e                __vector_1
 .text.main     0x0000042e        0xe main.o
                0x0000042e                main
 .text._Z16parallelPortInitv
                0x0000043c       0x2a parallel_port/parallel_port.o
                0x0000043c                _Z16parallelPortInitv
 .text._Z13portClockInitv
                0x00000466       0x44 parallel_port/parallel_port.o
                0x00000466                _Z13portClockInitv
 .text.__vector_12
                0x000004aa       0x20 parallel_port/parallel_port.o
                0x000004aa                __vector_12
 .text._Z13timer0CTCInitjj
                0x000004ca       0x64 timer0/timer0.o
                0x000004ca                _Z13timer0CTCInitjj
 .text._Z10StopTimer0v
                0x0000052e       0x14 timer0/timer0.o
                0x0000052e                _Z10StopTimer0v
 .text.__vector_14
                0x00000542       0x72 timer0/timer0.o
                0x00000542                __vector_14
 .text._Z15fastPWMStart_T2v
                0x000005b4       0x20 timer2/timer2.o
                0x000005b4                _Z15fastPWMStart_T2v
 .text._Z11setTOPValueh
                0x000005d4        0x6 timer2/timer2.o
                0x000005d4                _Z11setTOPValueh
 .text.__vector_7
                0x000005da       0x14 timer2/timer2.o
                0x000005da                __vector_7
 .text._Z10USART_Initj
                0x000005ee       0xbe uart/uart.o
                0x000005ee                _Z10USART_Initj
 .text._Z21USART_TransmitPollingP5u8buf
                0x000006ac       0x5a uart/uart.o
                0x000006ac                _Z21USART_TransmitPollingP5u8buf
 .text._Z20print_string_poolingPcj
                0x00000706       0x3a uart/uart.o
                0x00000706                _Z20print_string_poolingPcj
 .text.__vector_19
                0x00000740       0x78 uart/uart.o
                0x00000740                __vector_19
 .text.libgcc.div
                0x000007b8       0x44 c:/program files (x86)/atmel/studio/7.0/toolchain/avr8/avr8-gnu-toolchain/bin/../lib/gcc/avr/4.9.2/avr5\libgcc.a(_udivmodsi4.o)
                0x000007b8                __udivmodsi4
                0x000007fc                . = ALIGN (0x2)
 *(.fini9)
 .fini9         0x000007fc        0x0 c:/program files (x86)/atmel/studio/7.0/toolchain/avr8/avr8-gnu-toolchain/bin/../lib/gcc/avr/4.9.2/avr5\libgcc.a(_exit.o)
                0x000007fc                _exit
                0x000007fc                exit
 *(.fini9)
 *(.fini8)
 *(.fini8)
 *(.fini7)
 *(.fini7)
 *(.fini6)
 *(.fini6)
 *(.fini5)
 *(.fini5)
 *(.fini4)
 *(.fini4)
 *(.fini3)
 *(.fini3)
 *(.fini2)
 *(.fini2)
 *(.fini1)
 *(.fini1)
 *(.fini0)
 .fini0         0x000007fc        0x4 c:/program files (x86)/atmel/studio/7.0/toolchain/avr8/avr8-gnu-toolchain/bin/../lib/gcc/avr/4.9.2/avr5\libgcc.a(_exit.o)
 *(.fini0)
                0x00000800                _etext = .

.data           0x00800100       0x3c load address 0x00000800
                0x00800100                PROVIDE (__data_start, .)
 *(.data)
 *(.data*)
 *(.rodata)
 *(.rodata*)
 .rodata.str1.1
                0x00800100       0x11 adc/adc.o
 .rodata.str1.1
                0x00800111       0x1a button/button.o
 .rodata.str1.1
                0x0080012b       0x11 timer0/timer0.o
 *(.gnu.linkonce.d*)
                0x0080013c                . = ALIGN (0x2)
                0x0080013c                _edata = .
                0x0080013c                PROVIDE (__data_end, .)

.bss            0x0080013c       0x20
                0x0080013c                PROVIDE (__bss_start, .)
 *(.bss)
 *(.bss*)
 .bss.adcResult
                0x0080013c        0x2 adc/adc.o
                0x0080013c                adcResult
 .bss.flag      0x0080013e        0x1 main.o
                0x0080013e                flag
 .bss.PWM_duty_cycle
                0x0080013f        0x2 main.o
                0x0080013f                PWM_duty_cycle
 .bss.count_timer0
                0x00800141        0x2 main.o
                0x00800141                count_timer0
 .bss.counter   0x00800143        0x2 main.o
                0x00800143                counter
 .bss.baud_rate
                0x00800145        0x2 uart/uart.o
                0x00800145                baud_rate
 .bss.tx_buffer
                0x00800147       0x15 uart/uart.o
                0x00800147                tx_buffer
 *(COMMON)
                0x0080015c                PROVIDE (__bss_end, .)
                0x00000800                __data_load_start = LOADADDR (.data)
                0x0000083c                __data_load_end = (__data_load_start + SIZEOF (.data))

.noinit         0x0080015c        0x0
                [!provide]                PROVIDE (__noinit_start, .)
 *(.noinit*)
                [!provide]                PROVIDE (__noinit_end, .)
                0x0080015c                _end = .
                [!provide]                PROVIDE (__heap_start, .)

.eeprom         0x00810000        0x0
 *(.eeprom*)
                0x00810000                __eeprom_end = .

.fuse
 *(.fuse)
 *(.lfuse)
 *(.hfuse)
 *(.efuse)

.lock
 *(.lock*)

.signature
 *(.signature*)

.user_signatures
 *(.user_signatures*)

.stab
 *(.stab)

.stabstr
 *(.stabstr)

.stab.excl
 *(.stab.excl)

.stab.exclstr
 *(.stab.exclstr)

.stab.index
 *(.stab.index)

.stab.indexstr
 *(.stab.indexstr)

.comment        0x00000000       0x30
 *(.comment)
 .comment       0x00000000       0x30 adc/adc.o
                                 0x31 (size before relaxing)
 .comment       0x00000030       0x31 buffer/buffer_lib.o
 .comment       0x00000030       0x31 button/button.o
 .comment       0x00000030       0x31 main.o
 .comment       0x00000030       0x31 parallel_port/parallel_port.o
 .comment       0x00000030       0x31 timer0/timer0.o
 .comment       0x00000030       0x31 timer2/timer2.o
 .comment       0x00000030       0x31 uart/uart.o

.note.gnu.avr.deviceinfo
                0x00000000       0x40
 .note.gnu.avr.deviceinfo
                0x00000000       0x40 C:/Program Files (x86)/Atmel/Studio/7.0/Packs/atmel/ATmega_DFP/1.0.106/gcc/dev/atmega328p/avr5/crtatmega328p.o

.note.gnu.build-id
 *(.note.gnu.build-id)

.debug
 *(.debug)

.line
 *(.line)

.debug_srcinfo
 *(.debug_srcinfo)

.debug_sfnames
 *(.debug_sfnames)

.debug_aranges  0x00000000      0x1c8
 *(.debug_aranges)
 .debug_aranges
                0x00000000       0x48 adc/adc.o
 .debug_aranges
                0x00000048       0x38 buffer/buffer_lib.o
 .debug_aranges
                0x00000080       0x38 button/button.o
 .debug_aranges
                0x000000b8       0x20 main.o
 .debug_aranges
                0x000000d8       0x30 parallel_port/parallel_port.o
 .debug_aranges
                0x00000108       0x40 timer0/timer0.o
 .debug_aranges
                0x00000148       0x40 timer2/timer2.o
 .debug_aranges
                0x00000188       0x40 uart/uart.o

.debug_pubnames
 *(.debug_pubnames)

.debug_info     0x00000000      0xebd
 *(.debug_info .gnu.linkonce.wi.*)
 .debug_info    0x00000000      0x1ec adc/adc.o
 .debug_info    0x000001ec      0x228 buffer/buffer_lib.o
 .debug_info    0x00000414      0x32f button/button.o
 .debug_info    0x00000743      0x13d main.o
 .debug_info    0x00000880       0xc0 parallel_port/parallel_port.o
 .debug_info    0x00000940      0x18d timer0/timer0.o
 .debug_info    0x00000acd       0xf8 timer2/timer2.o
 .debug_info    0x00000bc5      0x2f8 uart/uart.o

.debug_abbrev   0x00000000      0x78a
 *(.debug_abbrev)
 .debug_abbrev  0x00000000      0x114 adc/adc.o
 .debug_abbrev  0x00000114      0x14e buffer/buffer_lib.o
 .debug_abbrev  0x00000262      0x113 button/button.o
 .debug_abbrev  0x00000375       0xbc main.o
 .debug_abbrev  0x00000431       0x6f parallel_port/parallel_port.o
 .debug_abbrev  0x000004a0      0x103 timer0/timer0.o
 .debug_abbrev  0x000005a3       0x92 timer2/timer2.o
 .debug_abbrev  0x00000635      0x155 uart/uart.o

.debug_line     0x00000000      0xc3d
 *(.debug_line .debug_line.* .debug_line_end)
 .debug_line    0x00000000      0x18b adc/adc.o
 .debug_line    0x0000018b      0x162 buffer/buffer_lib.o
 .debug_line    0x000002ed      0x294 button/button.o
 .debug_line    0x00000581       0xdf main.o
 .debug_line    0x00000660      0x156 parallel_port/parallel_port.o
 .debug_line    0x000007b6      0x1b7 timer0/timer0.o
 .debug_line    0x0000096d      0x12c timer2/timer2.o
 .debug_line    0x00000a99      0x1a4 uart/uart.o

.debug_frame    0x00000000      0x50c
 *(.debug_frame)
 .debug_frame   0x00000000       0xbc adc/adc.o
 .debug_frame   0x000000bc       0x70 buffer/buffer_lib.o
 .debug_frame   0x0000012c      0x13c button/button.o
 .debug_frame   0x00000268       0x24 main.o
 .debug_frame   0x0000028c       0x54 parallel_port/parallel_port.o
 .debug_frame   0x000002e0       0xac timer0/timer0.o
 .debug_frame   0x0000038c       0x70 timer2/timer2.o
 .debug_frame   0x000003fc      0x110 uart/uart.o

.debug_str      0x00000000      0x6fc
 *(.debug_str)
 .debug_str     0x00000000      0x2de adc/adc.o
                                0x317 (size before relaxing)
 .debug_str     0x000002de       0xdc buffer/buffer_lib.o
                                0x2ef (size before relaxing)
 .debug_str     0x000003ba      0x120 button/button.o
                                0x3d4 (size before relaxing)
 .debug_str     0x000004da       0x2e main.o
                                0x275 (size before relaxing)
 .debug_str     0x00000508       0x2f parallel_port/parallel_port.o
                                0x26a (size before relaxing)
 .debug_str     0x00000537       0x8a timer0/timer0.o
                                0x2eb (size before relaxing)
 .debug_str     0x000005c1       0x68 timer2/timer2.o
                                0x294 (size before relaxing)
 .debug_str     0x00000629       0xd3 uart/uart.o
                                0x3a0 (size before relaxing)

.debug_loc      0x00000000      0x973
 *(.debug_loc)
 .debug_loc     0x00000000       0xec adc/adc.o
 .debug_loc     0x000000ec      0x184 buffer/buffer_lib.o
 .debug_loc     0x00000270      0x294 button/button.o
 .debug_loc     0x00000504       0x3c parallel_port/parallel_port.o
 .debug_loc     0x00000540       0xf3 timer0/timer0.o
 .debug_loc     0x00000633       0x2f timer2/timer2.o
 .debug_loc     0x00000662      0x311 uart/uart.o

.debug_macinfo
 *(.debug_macinfo)

.debug_weaknames
 *(.debug_weaknames)

.debug_funcnames
 *(.debug_funcnames)

.debug_typenames
 *(.debug_typenames)

.debug_varnames
 *(.debug_varnames)

.debug_pubtypes
 *(.debug_pubtypes)

.debug_ranges   0x00000000      0x148
 *(.debug_ranges)
 .debug_ranges  0x00000000       0x38 adc/adc.o
 .debug_ranges  0x00000038       0x28 buffer/buffer_lib.o
 .debug_ranges  0x00000060       0x28 button/button.o
 .debug_ranges  0x00000088       0x10 main.o
 .debug_ranges  0x00000098       0x20 parallel_port/parallel_port.o
 .debug_ranges  0x000000b8       0x30 timer0/timer0.o
 .debug_ranges  0x000000e8       0x30 timer2/timer2.o
 .debug_ranges  0x00000118       0x30 uart/uart.o

.debug_macro
 *(.debug_macro)
OUTPUT(parallel_comm.elf elf32-avr)
LOAD linker stubs
